"use strict";(self.webpackChunkmy_website=self.webpackChunkmy_website||[]).push([[8245],{5412:(n,e,i)=>{i.r(e),i.d(e,{assets:()=>c,contentTitle:()=>r,default:()=>m,frontMatter:()=>t,metadata:()=>d,toc:()=>l});var s=i(5893),o=i(1151);const t={sidebar_position:1},r="\u542f\u52a8\u5f00\u53d1\u677f",d={id:"Modbus-projectTwo/part1/QuickStart",title:"\u542f\u52a8\u5f00\u53d1\u677f",description:"\u6ce8\u610f\uff1a\u5f00\u53d1\u677f\u677f\u8f7d\u4e86 SPI-NorFLASH \u53d1\u8d27\u524d\u90fd\u4f1a\u628aTina-Linux \u7cfb\u7edf\u63d0\u524d\u70e7\u5f55\u81f3 SPINor\u5185\uff0c\u5bf9\u4e8e\u4f7f\u7528TF\u5361\u542f\u52a8\u7684\u540c\u5b66 \u8bf7\u5355\u72ec\u770b\u540e\u7eed\u7ae0\u8282 \u66f4\u65b0\u7cfb\u7edf \u5355\u72ec\u70e7\u5f55\u7cfb\u7edf\u81f3TF\u5361\u5e76\u542f\u52a8\u3002",source:"@site/docs/Modbus-projectTwo/part1/03-QuickStart.md",sourceDirName:"Modbus-projectTwo/part1",slug:"/Modbus-projectTwo/part1/QuickStart",permalink:"/Modbus-projectTwo/part1/QuickStart",draft:!1,unlisted:!1,editUrl:"https://github.com/100askTeam/Modbus-TrainingDocs/tree/main/docs/Modbus-projectTwo/part1/03-QuickStart.md",tags:[],version:"current",sidebarPosition:1,frontMatter:{sidebar_position:1},sidebar:"modbustraintwoSidebar",previous:{title:"\u5feb\u901f\u542f\u52a8",permalink:"/category/\u5feb\u901f\u542f\u52a8"},next:{title:"\u5feb\u901f\u5f00\u59cb\u4f7f\u7528",permalink:"/Modbus-projectTwo/part1/03-1_FlashSystem"}},c={},l=[{value:"windows\u4e0b\u4f7f\u7528 ADB\u767b\u5f55\u7cfb\u7edf",id:"windows\u4e0b\u4f7f\u7528-adb\u767b\u5f55\u7cfb\u7edf",level:2},{value:"\u8fde\u63a5OTG\u7ebf",id:"\u8fde\u63a5otg\u7ebf",level:3},{value:"\u5b89\u88c5windows\u677fADB",id:"\u5b89\u88c5windows\u677fadb",level:3},{value:"\u6253\u5f00cmd\u8fde\u63a5\u5f00\u53d1\u677f",id:"\u6253\u5f00cmd\u8fde\u63a5\u5f00\u53d1\u677f",level:3},{value:"\u4f7f\u7528\u4e32\u53e3\u767b\u5f55\u7cfb\u7edf",id:"\u4f7f\u7528\u4e32\u53e3\u767b\u5f55\u7cfb\u7edf",level:2},{value:"1. \u8fde\u63a5\u4e32\u53e3\u7ebf",id:"1-\u8fde\u63a5\u4e32\u53e3\u7ebf",level:3},{value:"2. \u6253\u5f00\u4e32\u53e3\u63a7\u5236\u53f0",id:"2-\u6253\u5f00\u4e32\u53e3\u63a7\u5236\u53f0",level:3},{value:"\u83b7\u53d6\u4e32\u53e3\u5de5\u5177",id:"\u83b7\u53d6\u4e32\u53e3\u5de5\u5177",level:4},{value:"\u4f7f\u7528putty\u767b\u5f55\u4e32\u53e3",id:"\u4f7f\u7528putty\u767b\u5f55\u4e32\u53e3",level:4},{value:"\u4f7f\u7528Mobaxterm\u767b\u5f55\u4e32\u53e3",id:"\u4f7f\u7528mobaxterm\u767b\u5f55\u4e32\u53e3",level:4},{value:"3. \u8fdb\u5165\u7cfb\u7edfshell",id:"3-\u8fdb\u5165\u7cfb\u7edfshell",level:3}];function a(n){const e={a:"a",code:"code",h1:"h1",h2:"h2",h3:"h3",h4:"h4",img:"img",li:"li",p:"p",pre:"pre",strong:"strong",ul:"ul",...(0,o.a)(),...n.components};return(0,s.jsxs)(s.Fragment,{children:[(0,s.jsx)(e.h1,{id:"\u542f\u52a8\u5f00\u53d1\u677f",children:"\u542f\u52a8\u5f00\u53d1\u677f"}),"\n",(0,s.jsx)(e.p,{children:(0,s.jsxs)(e.strong,{children:["\u6ce8\u610f\uff1a\u5f00\u53d1\u677f\u677f\u8f7d\u4e86 SPI-NorFLASH \u53d1\u8d27\u524d\u90fd\u4f1a\u628aTina-Linux \u7cfb\u7edf\u63d0\u524d\u70e7\u5f55\u81f3 SPINor\u5185\uff0c\u5bf9\u4e8e\u4f7f\u7528TF\u5361\u542f\u52a8\u7684\u540c\u5b66 \u8bf7\u5355\u72ec\u770b\u540e\u7eed\u7ae0\u8282 ",(0,s.jsx)(e.code,{children:"\u66f4\u65b0\u7cfb\u7edf"})," \u5355\u72ec\u70e7\u5f55\u7cfb\u7edf\u81f3TF\u5361\u5e76\u542f\u52a8\u3002"]})}),"\n",(0,s.jsxs)(e.p,{children:["\u56e0\u5f00\u53d1\u677f\u677f\u8f7d\u4e86CKLINK\uff0c\u4e14TF\u5361\u5f15\u811a\u548cCKLINK\u51b2\u7a81\u5bfc\u81f4\u65e0\u6cd5\u540c\u65f6\u4f7f\u7528\uff0c\u9700\u8981\u901a\u8fc7\u62e8\u7801\u5f00\u5173 ",(0,s.jsx)(e.code,{children:"SW1"})," \u6765\u5207\u6362\u542f\u52a8\u529f\u80fd\uff0c\u7531\u4e8e\u6211\u4eec\u7684\u88f8\u673a/RTOS\u8bfe\u7a0b\u4f1a\u7528\u5230CKLINK\u8fdb\u884c\u8c03\u8bd5\u548c\u8f93\u51fa\u529f\u80fd\uff0c\u786c\u4ef6\u9ed8\u8ba4\u628a PF2 PF4\u4f5c\u4e3a\u4e86UART0\uff0c\u4f46\u662f\u5f53\u60a8\u4f7f\u7528DongshanPI-D1s\u8fd0\u884cLinux\u7cfb\u7edf\u65f6\uff0cLinux\u7cfb\u7edf\u9ed8\u8ba4\u7684UART0\u4e3aPE2 PE3 \u8fd9\u65f6\u9700\u8981\u53c2\u8003\u4e0b\u56fe\u901a\u8fc72.54mm\u89c4\u683c\u7684\u675c\u90a6\u7ebf\u8fde\u63a5\u53f3\u4fa7J2 \u6392\u9488\u7684 PE2 PE3 GND \u8fde\u63a5\u81f3 \u5f00\u53d1\u677f ",(0,s.jsx)(e.code,{children:"\u9ed1\u8272\u5e8f\u53f7 5.\u8c03\u8bd5\u4e0eUART\u529f\u80fd "}),"\u65c1\u8fb9\u7684 ",(0,s.jsx)(e.strong,{children:"RX TX GND"})," \u4e09\u4e2a\u5706\u5b54\u5185\uff0c\u9700\u8981\u76f4\u63a5\u7528\u516c\u5934\u675c\u90a6\u7ebf\u7a7f\u8fc7\u5706\u5b54\u3002"]}),"\n",(0,s.jsx)(e.p,{children:(0,s.jsx)(e.img,{src:"https://photos.100ask.net/dongshanpi-docs/d1s/Dongshanpi-d1s_pe2pe3uart_002.png",alt:"Dongshanpi-d1s_pe2pe3uart_001"})}),"\n",(0,s.jsxs)(e.p,{children:["\u5982\u679c\u4f60\u4e0d\u60f3\u4f7f\u7528\u675c\u90a6\u7ebf\u8fd9\u79cd\u65b9\u5f0f\uff0c\u53ef\u4ee5\u4f18\u5148\u4f7f\u7528\u4e0b\u9762\u7684 ",(0,s.jsx)(e.strong,{children:"\u4f7f\u7528ADB\u767b\u5f55\u7cfb\u7edf"})," \u65b9\u5f0f\u8fdb\u884c\u767b\u5f55\u7cfb\u7edf"]}),"\n",(0,s.jsx)(e.h2,{id:"windows\u4e0b\u4f7f\u7528-adb\u767b\u5f55\u7cfb\u7edf",children:"windows\u4e0b\u4f7f\u7528 ADB\u767b\u5f55\u7cfb\u7edf"}),"\n",(0,s.jsx)(e.h3,{id:"\u8fde\u63a5otg\u7ebf",children:"\u8fde\u63a5OTG\u7ebf"}),"\n",(0,s.jsxs)(e.p,{children:["\u5c06\u5f00\u53d1\u677f\u914d\u5957\u7684\u4e24\u6839typec\u7ebf\uff0c\u4e00\u6839 \u76f4\u63a5\u8fde\u63a5\u81f3 \u5f00\u53d1\u677f ",(0,s.jsx)(e.code,{children:"\u9ed1\u8272\u5b57\u4f53\u5e8f\u53f7 3.OTG\u70e7\u5f55\u63a5\u53e3"})," \u53e6\u4e00\u5934\u8fde\u63a5\u81f3\u7535\u8111\u7684USB\u63a5\u53e3\uff0c\u5f00\u53d1\u677f\u9ed8\u8ba4\u6709\u7cfb\u7edf\uff0c\u63a5\u901aotg\u7535\u6e90\u7ebf\u5c31\u4f1a\u901a\u7535\u5e76\u76f4\u63a5\u542f\u52a8\u3002"]}),"\n",(0,s.jsx)(e.h3,{id:"\u5b89\u88c5windows\u677fadb",children:"\u5b89\u88c5windows\u677fADB"}),"\n",(0,s.jsxs)(e.p,{children:["\u70b9\u51fb\u94fe\u63a5\u4e0b\u8f7dWindows\u7248ADB\u5de5\u5177 ",(0,s.jsx)(e.a,{href:"https://gitlab.com/dongshanpi/tools/-/raw/main/ADB.7z",children:"adb-tools"}),"\n\u4e0b\u8f7d\u5b8c\u6210\u540e\u89e3\u538b\uff0c\u53ef\u4ee5\u770b\u5230\u5982\u4e0b\u76ee\u5f55\uff0c"]}),"\n",(0,s.jsx)(e.p,{children:(0,s.jsx)(e.img,{src:"https://photos.100ask.net/dongshanpi-docs/d1s/adb-tools-dir.png",alt:"adb-tools-dir"})}),"\n",(0,s.jsxs)(e.p,{children:["\u7136\u540e \u6211\u4eec\u5355\u72ec \u62f7\u8d1d \u4e0a\u4e00\u5c42\u7684 ",(0,s.jsx)(e.strong,{children:"platform-tools"})," \u6587\u4ef6\u5939\u5230\u4efb\u610f \u76ee\u5f55\uff0c\u62f7\u8d1d\u5b8c\u6210\u540e\uff0c\u8bb0\u4f4f\u8fd9\u4e2a \u76ee\u5f55\u4f4d\u7f6e\uff0c\u6211\u4eec\u63a5\u4e0b\u6765\u8981\u628a\u8fd9\u4e2a \u8def\u5f84\u6dfb\u52a0\u81f3 Windows\u7cfb\u7edf\u73af\u5883\u53d8\u91cf\u91cc\u3002"]}),"\n",(0,s.jsx)(e.p,{children:(0,s.jsx)(e.img,{src:"https://photos.100ask.net/dongshanpi-docs/d1s/adb-tools-dir-001.png",alt:"adb-tools-dir"})}),"\n",(0,s.jsxs)(e.p,{children:["\u6211\u8fd9\u91cc\u662f\u628a\u5b83\u5355\u72ec\u62f7\u8d1d\u5230\u4e86 D\u76d8\uff0c\u6211\u7684\u76ee\u5f55\u662f ",(0,s.jsx)(e.code,{children:"D:\\platform-tools"})," \u63a5\u4e0b\u6765 \u6211\u9700\u8981\u628a\u5b83\u5355\u72ec\u6dfb\u52a0\u5230Windows\u7cfb\u7edf\u73af\u5883\u53d8\u91cf\u91cc\u9762\u624d\u53ef\u4ee5\u5728\u4efb\u610f\u4f4d\u7f6e\u4f7f\u7528adb\u547d\u4ee4\u3002"]}),"\n",(0,s.jsx)(e.p,{children:(0,s.jsx)(e.img,{src:"https://photos.100ask.net/dongshanpi-docs/d1s/adb-tools-windows_config_001.png",alt:"adb-tools-windows_config_001"})}),"\n",(0,s.jsxs)(e.p,{children:["\u6dfb\u52a0\u5230 Windows\u7cfb\u7edf\u73af\u5883\u53d8\u91cf\u91cc\u9762\n",(0,s.jsx)(e.img,{src:"https://photos.100ask.net/dongshanpi-docs/d1s/adb-tools-windows_config_002.png",alt:"adb-tools-windows_config_001"})]}),"\n",(0,s.jsx)(e.h3,{id:"\u6253\u5f00cmd\u8fde\u63a5\u5f00\u53d1\u677f",children:"\u6253\u5f00cmd\u8fde\u63a5\u5f00\u53d1\u677f"}),"\n",(0,s.jsxs)(e.p,{children:["\u6253\u5f00CMD Windows \u547d\u4ee4\u63d0\u793a\u7b26\u65b9\u5f0f\u6709\u4e24\u79cd\n\u65b9\u5f0f1\uff1a\u76f4\u63a5\u5728Windows10/11\u641c\u7d22\u5bf9\u8bdd\u6846\u4e2d\u8f93\u5165  cmd \u5728\u5f39\u51fa\u7684\u8f6f\u4ef6\u4e2d\u70b9\u51fb  ",(0,s.jsx)(e.code,{children:"\u547d\u4ee4\u63d0\u793a\u7b26"}),"\n\u65b9\u5f0f2\uff1a\u540c\u65f6\u6309\u4e0b wind + r \u952e\uff0c\u8f93\u5165 cmd \u547d\u4ee4\uff0c\u6309\u4e0b\u786e\u8ba4 \u5c31\u53ef\u4ee5\u81ea\u52a8\u6253\u5f00 ",(0,s.jsx)(e.code,{children:"\u547d\u4ee4\u63d0\u793a\u7b26"})]}),"\n",(0,s.jsx)(e.p,{children:(0,s.jsx)(e.img,{src:"https://photos.100ask.net/dongshanpi-docs/d1s/adb-tools-windows_config_003.png",alt:"adb-tools-windows_config_003"})}),"\n",(0,s.jsx)(e.p,{children:"\u6253\u5f00\u547d\u4ee4\u63d0\u793a\u7b26\uff0c\u8f93\u51fa adb\u547d\u4ee4\u53ef\u4ee5\u76f4\u63a5\u770b\u5230\u6211\u4eec\u7684adb\u5df2\u7ecf\u914d\u7f6e\u6210\u529f"}),"\n",(0,s.jsx)(e.p,{children:(0,s.jsx)(e.img,{src:"https://photos.100ask.net/dongshanpi-docs/d1s/adb-tools-windows_config_004.png",alt:"adb-tools-windows_config_004"})}),"\n",(0,s.jsx)(e.p,{children:"\u8fde\u63a5\u597d\u5f00\u53d1\u677f\u7684 OTG \u5e76\u5c06\u5176\u8fde\u63a5\u81f3\u7535\u8111\u4e0a\uff0c\u7136\u540e \u8f93\u5165 adb shell\u5c31\u53ef\u4ee5\u81ea\u52a8\u767b\u5f55\u7cfb\u7edf"}),"\n",(0,s.jsx)(e.pre,{children:(0,s.jsx)(e.code,{className:"language-shell",children:"\nC:\\System> adb shell\n* daemon not running. starting it now on port 5037 *\n* daemon started successfully *\n\n _____  _              __     _\n|_   _||_| ___  _ _   |  |   |_| ___  _ _  _ _\n  | |   _ |   ||   |  |  |__ | ||   || | ||_'_|\n  | |  | || | || _ |  |_____||_||_|_||___||_,_|\n  |_|  |_||_|_||_|_|  Tina is Based on OpenWrt!\n ----------------------------------------------\n Tina Linux\n ----------------------------------------------\nroot@TinaLinux:/#\n\n"})}),"\n",(0,s.jsx)(e.p,{children:"ADB \u4e5f\u53ef\u4ee5\u4f5c\u4e3a\u6587\u4ef6\u4f20\u8f93\u4f7f\u7528\uff0c\u4f8b\u5982\uff1a"}),"\n",(0,s.jsx)(e.pre,{children:(0,s.jsx)(e.code,{className:"language-shell",children:"C:\\System> adb push badapple.mp4 /mnt/UDISK   # \u5c06 badapple.mp4 \u4e0a\u4f20\u5230\u5f00\u53d1\u677f /mnt/UDISK \u76ee\u5f55\u5185\n"})}),"\n",(0,s.jsx)(e.pre,{children:(0,s.jsx)(e.code,{className:"language-shell",children:"C:\\System> adb pull /mnt/UDISK/badapple.mp4   # \u5c06 /mnt/UDISK/badapple.mp4 \u4e0b\u62c9\u5230\u5f53\u524d\u76ee\u5f55\u5185\n"})}),"\n",(0,s.jsx)(e.p,{children:(0,s.jsx)(e.strong,{children:"\u6ce8\u610f\uff1a \u6b64\u65b9\u6cd5\u76ee\u524d\u53ea\u9002\u7528\u4e8e \u4f7f\u7528\u5168\u5fd7Tina-SDK \u6784\u5efa\u51fa\u6765\u7684\u7cfb\u7edf\u3002"})}),"\n",(0,s.jsx)(e.h2,{id:"\u4f7f\u7528\u4e32\u53e3\u767b\u5f55\u7cfb\u7edf",children:"\u4f7f\u7528\u4e32\u53e3\u767b\u5f55\u7cfb\u7edf"}),"\n",(0,s.jsx)(e.h3,{id:"1-\u8fde\u63a5\u4e32\u53e3\u7ebf",children:"1. \u8fde\u63a5\u4e32\u53e3\u7ebf"}),"\n",(0,s.jsx)(e.p,{children:"\u5c06\u914d\u5957\u7684TypeC\u7ebf\u4e00\u6bb5\u8fde\u63a5\u81f3\u5f00\u53d1\u677f\u7684\u4e32\u53e3/\u4f9b\u7535\u63a5\u53e3\uff0c\u53e6\u4e00\u7aef\u8fde\u63a5\u81f3\u7535\u8111USB\u63a5\u53e3\uff0c\u8fde\u63a5\u6210\u529f\u540e\u677f\u8f7d\u7684\u7ea2\u8272\u7535\u6e90\u706f\u4f1a\u4eae\u8d77\u3002\n\u9ed8\u8ba4\u60c5\u51b5\u4e0b\u7cfb\u7edf\u4f1a\u81ea\u52a8\u5b89\u88c5\u4e32\u53e3\u8bbe\u5907\u9a71\u52a8\uff0c\u5982\u679c\u6ca1\u6709\u81ea\u52a8\u5b89\u88c5\uff0c\u53ef\u4ee5\u4f7f\u7528\u9a71\u52a8\u7cbe\u7075\u6765\u81ea\u52a8\u5b89\u88c5\u3002"}),"\n",(0,s.jsxs)(e.ul,{children:["\n",(0,s.jsxs)(e.li,{children:["\u5bf9\u4e8eWindows\u7cfb\u7edf\n\u6b64\u65f6Windows\u8bbe\u5907\u7ba1\u7406\u5668 \u5728 \u7aef\u53e3(COM\u548cLPT) \u5904\u4f1a\u591a\u51fa\u4e00\u4e2a\u4e32\u53e3\u8bbe\u5907\uff0c\u4e00\u822c\u662f\u4ee5 ",(0,s.jsx)(e.code,{children:"USB-Enhanced-SERIAL CH9102"}),"\u5f00\u5934\uff0c\u60a8\u9700\u8981\u7559\u610f\u4e00\u4e0b\u540e\u9762\u7684\u5177\u4f53COM\u7f16\u53f7\uff0c\u7528\u4e8e\u540e\u7eed\u8fde\u63a5\u4f7f\u7528\u3002"]}),"\n"]}),"\n",(0,s.jsx)(e.p,{children:(0,s.jsx)(e.img,{src:"https://photos.100ask.net/dongshanpi-docs/DongshanNezhaSTU/QuickStart-01.png",alt:"QuickStart-01"})}),"\n",(0,s.jsx)(e.p,{children:"\u5982\u4e0a\u56fe\uff0cCOM\u53f7\u662f96\uff0c\u6211\u4eec\u63a5\u4e0b\u6765\u8fde\u63a5\u6240\u4f7f\u7528\u7684\u4e32\u53e3\u53f7\u5c31\u662f96\u3002"}),"\n",(0,s.jsxs)(e.ul,{children:["\n",(0,s.jsx)(e.li,{children:"\u5bf9\u4e8eLinux\u7cfb\u7edf\n\u53ef\u4ee5\u67e5\u770b\u662f\u5426\u591a\u51fa\u4e00\u4e2a/dev/tty \u8bbe\u5907,\u4e00\u822c\u60c5\u51b5\u8bbe\u5907\u8282\u70b9\u4e3a /dev/ttyACM0  \u3002"}),"\n"]}),"\n",(0,s.jsx)(e.p,{children:(0,s.jsx)(e.img,{src:"https://photos.100ask.net/dongshanpi-docs/DongshanNezhaSTU/QuickStart-02.png",alt:"QuickStart-02"})}),"\n",(0,s.jsx)(e.h3,{id:"2-\u6253\u5f00\u4e32\u53e3\u63a7\u5236\u53f0",children:"2. \u6253\u5f00\u4e32\u53e3\u63a7\u5236\u53f0"}),"\n",(0,s.jsx)(e.h4,{id:"\u83b7\u53d6\u4e32\u53e3\u5de5\u5177",children:"\u83b7\u53d6\u4e32\u53e3\u5de5\u5177"}),"\n",(0,s.jsx)(e.p,{children:"\u4f7f\u7528Putty\u6216\u8005MobaXterm\u7b49\u4e32\u53e3\u5de5\u5177\u6765\u5f00\u53d1\u677f\u8bbe\u5907\u3002"}),"\n",(0,s.jsxs)(e.ul,{children:["\n",(0,s.jsxs)(e.li,{children:["\u5176\u4e2dputty\u5de5\u5177\u53ef\u4ee5\u8bbf\u95ee\u9875\u9762  ",(0,s.jsx)(e.a,{href:"https://www.chiark.greenend.org.uk/~sgtatham/putty/",children:"https://www.chiark.greenend.org.uk/~sgtatham/putty/"}),"  \u6765\u83b7\u53d6\u3002"]}),"\n",(0,s.jsxs)(e.li,{children:["MobaXterm\u53ef\u4ee5\u901a\u8fc7\u8bbf\u95ee\u9875\u9762 ",(0,s.jsx)(e.a,{href:"https://mobaxterm.mobatek.net/",children:"https://mobaxterm.mobatek.net/"})," \u83b7\u53d6 (\u63a8\u8350\u4f7f\u7528)\u3002"]}),"\n"]}),"\n",(0,s.jsx)(e.h4,{id:"\u4f7f\u7528putty\u767b\u5f55\u4e32\u53e3",children:"\u4f7f\u7528putty\u767b\u5f55\u4e32\u53e3"}),"\n",(0,s.jsx)(e.p,{children:(0,s.jsx)(e.img,{src:"https://photos.100ask.net/dongshanpi-docs/DongshanNezhaSTU/QuickStart-04.png",alt:"QuickStart-04"})}),"\n",(0,s.jsx)(e.h4,{id:"\u4f7f\u7528mobaxterm\u767b\u5f55\u4e32\u53e3",children:"\u4f7f\u7528Mobaxterm\u767b\u5f55\u4e32\u53e3"}),"\n",(0,s.jsxs)(e.p,{children:["\u6253\u5f00MobaXterm\uff0c\u70b9\u51fb\u5de6\u4e0a\u89d2\u7684\u201cSession\u201d\uff0c\u5728\u5f39\u51fa\u7684\u754c\u9762\u9009\u4e2d\u201cSerial\u201d\uff0c\u5982\u4e0b\u56fe\u6240\u793a\u9009\u62e9\u7aef\u53e3\u53f7\uff08\u524d\u9762\u8bbe\u5907\u7ba1\u7406\u5668\u663e\u793a\u7684\u7aef\u53e3\u53f7COM21\uff09\u3001\u6ce2\u7279\u7387\uff08Speed 115200\uff09\u3001\u6d41\u63a7\uff08Flow Control: none\uff09,\u6700\u540e\u70b9\u51fb\u201cOK\u201d\u5373\u53ef\u3002\u6b65\u9aa4\u5982\u4e0b\u56fe\u6240\u793a\u3002\n",(0,s.jsx)(e.strong,{children:"\u6ce8\u610f\uff1a\u6d41\u63a7\uff08Flow Control\uff09\u4e00\u5b9a\u8981\u9009\u62e9none\uff0c\u5426\u5219\u4f60\u5c06\u65e0\u6cd5\u5728MobaXterm\u4e2d\u5411\u4e32\u53e3\u8f93\u5165\u6570\u636e"})]}),"\n",(0,s.jsx)(e.p,{children:(0,s.jsx)(e.img,{src:"https://photos.100ask.net/dongshanpi-docs/DongshanNezhaSTU/Mobaxterm_serial_set_001.png",alt:"Mobaxterm_serial_set_001"})}),"\n",(0,s.jsx)(e.h3,{id:"3-\u8fdb\u5165\u7cfb\u7edfshell",children:"3. \u8fdb\u5165\u7cfb\u7edfshell"}),"\n",(0,s.jsxs)(e.p,{children:["\u4f7f\u7528\u4e32\u53e3\u5de5\u5177\u6210\u529f\u6253\u5f00\u4e32\u53e3\u540e\uff0c\u53ef\u4ee5\u76f4\u63a5\u6309\u4e0b Enter \u952e \u8fdb\u5165shell\uff0c\u5f53\u7136\u60a8\u4e5f\u53ef\u4ee5\u6309\u4e0b\u677f\u5b50\u4e0a\u7684 ",(0,s.jsx)(e.code,{children:"Reset"}),"\u590d\u4f4d\u952e\uff0c\u6765\u67e5\u770b\u5b8c\u6574\u7684\u7cfb\u7edf\u4fe1\u606f\u3002"]}),"\n",(0,s.jsx)(e.pre,{children:(0,s.jsx)(e.code,{className:"language-bash",children:"[34]HELLO! BOOT0 is starting!\n[37]BOOT0 commit : 88480af\n[40]set pll start\n[42]periph0 has been enabled\n[44]set pll end\n[46][pmu]: bus read error\n[48]board init ok\n[50]ZQ value = 0x2f\n[52]get_pmu_exist() = -1\n[54]DRAM BOOT DRIVE INFO: V0.33\n[57]DRAM CLK = 528 MHz\n[59]DRAM Type = 2 (2:DDR2,3:DDR3)\n[62]DRAMC read ODT  off.\n[65]DRAM ODT off.\n[67]ddr_efuse_type: 0xa\n[69]DRAM SIZE =64 M\n[71]dram_tpr4:0x0\n[73]PLL_DDR_CTRL_REG:0xf8002b00\n[76]DRAM_CLK_REG:0xc0000000\n[78][TIMING DEBUG] MR2= 0x0\n[83]DRAM simple test OK.\n[85]dram size =64\n[87]spinor id is: ef 40 18, read cmd: 6b\n[90]Succeed in reading toc file head.\n[94]The size of toc is 100000.\n[139]Entry_name        = opensbi\n[142]Entry_name        = u-boot\n[146]Entry_name        = dtb\n\u2592149]Jump to second Boot.\n\nU-Boot 2018.05-g24521d6 (Feb 11 2022 - 08:52:39 +0000) Allwinner Technology\n\n[00.158]DRAM:  64 MiB\n[00.160]Relocation Offset is: 01ee7000\n[00.165]secure enable bit: 0\n[00.167]CPU=1008 MHz,PLL6=600 Mhz,AHB=200 Mhz, APB1=100Mhz  MBus=300Mhz\n[00.174]flash init start\n[00.176]workmode = 0,storage type = 3\nindividual lock is enable\n[00.185]spi sunxi_slave->max_hz:100000000\nSF: Detected w25q128 with page size 256 Bytes, erase size 64 KiB, total 16 MiB\n[00.195]sunxi flash init ok\n[00.198]line:703 init_clocks\n[00.201]drv_disp_init\nrequest pwm success, pwm7:pwm7:0x2000c00.\n[00.218]drv_disp_init finish\n[00.220]boot_gui_init:start\n[00.223]set disp.dev2_output_type fail. using defval=0\n[00.250]boot_gui_init:finish\npartno erro : can't find partition bootloader\n54 bytes read in 0 ms\n[00.259]bmp_name=bootlogo.bmp size 38454\n38454 bytes read in 1 ms (36.7 MiB/s)\n[00.434]Loading Environment from SUNXI_FLASH... OK\n[00.448]out of usb burn from boot: not need burn key\n[00.453]get secure storage map err\npartno erro : can't find partition private\nroot_partition is rootfs\nset root to /dev/mtdblock5\n[00.464]update part info\n[00.467]update bootcmd\n[00.469]change working_fdt 0x42aa6da0 to 0x42a86da0\nNo reserved memory region found in source FDT\nFDT ERROR:fdt_get_all_pin:get property handle pinctrl-0 error:FDT_ERR_INTERNAL\nsunxi_pwm_pin_set_state, fdt_set_all_pin, ret=-1\n[00.494]LCD open finish\n[00.510]update dts\nnoncached_alloc(): addr = 0x42ebb200\nnoncached_alloc(): addr = 0x42ebb240\nnoncached_alloc(): addr = 0x42ebb280\nnoncached_alloc(): addr = 0x42ebbac0\ngeth_sys_init:634: get node 'gmac0' error\ngeth_sys_init fail!\n[00.530]Board Net Initialization Failed\n[00.533]No ethernet found.\nHit any key to stop autoboot:  0\n[01.686]no vendor_boot partition is found\nAndroid's image name: d1s-nezha_nor\nDetect comp none\n[01.704]\nStarting kernel ...\n\n** 9 printk messages dropped **\n[    0.000000] On node 0 totalpages: 16384\n[    0.000000]   DMA32 zone: 224 pages used for memmap\n[    0.000000]   DMA32 zone: 0 pages reserved\n[    0.000000]   DMA32 zone: 16384 pages, LIFO batch:3\n[    0.000000] elf_hwcap is 0x20112d\n[    0.000000] pcpu-alloc: s0 r0 d32768 u32768 alloc=1*32768\n[    0.000000] pcpu-alloc: [0] 0\n[    0.000000] Built 1 zonelists, mobility grouping on.  Total pages: 16160\n[    0.000000] Kernel command line: earlyprintk=sunxi-uart,0x02500000 clk_ignore_unused initcall_debug=0 console=ttyS0,115200 loglevel=8 root=/dev/mtdblock5 rootfstype=squashfs init=/sbin/init partitions=boot-resource@mtdblock1:env@mtdblock2:env-redund@mtdblock3:boot@mtdblock4:rootfs@mtdblock5:UDISK@mtdblock6 cma=8M snum= mac_addr= wifi_mac= bt_mac= specialstr= gpt=1 androidboot.hardware=sun20iw1p1 boot_type=3 androidboot.boot_type=3 gpt=1 uboot_message=2018.05-g24521d6(02/11/2022-08:52:39) mbr_offset=1556480 disp_reserve=4096000,0x000000004\n[    0.000000] Dentry cache hash table entries: 8192 (order: 4, 65536 bytes, linear)\n[    0.000000] Inode-cache hash table entries: 4096 (order: 3, 32768 bytes, linear)\n[    0.000000] Sorting __ex_table...\n[    0.000000] mem auto-init: stack:off, heap alloc:off, heap free:off\n[    0.000000] Memory: 44932K/65536K available (4353K kernel code, 404K rwdata, 1736K rodata, 144K init, 229K bss, 12412K reserved, 8192K cma-reserved)\n[    0.000000] SLUB: HWalign=64, Order=0-3, MinObjects=0, CPUs=1, Nodes=1\n[    0.000000] rcu: Preemptible hierarchical RCU implementation.\n[    0.000000]  Tasks RCU enabled.\n[    0.000000] rcu: RCU calculated value of scheduler-enlistment delay is 10 jiffies.\n[    0.000000] NR_IRQS: 0, nr_irqs: 0, preallocated irqs: 0\n[    0.000000] plic: mapped 200 interrupts with 1 handlers for 2 contexts.\n[    0.000000] riscv_timer_init_dt: Registering clocksource cpuid [0] hartid [0]\n[    0.000000] clocksource: riscv_clocksource: mask: 0xffffffffffffffff max_cycles: 0x588fe9dc0, max_idle_ns: 440795202592 ns\n[    0.000006] sched_clock: 64 bits at 24MHz, resolution 41ns, wraps every 4398046511097ns\n[    0.000026] riscv_timer_clockevent depends on broadcast, but no broadcast function available\n[    0.000375] clocksource: timer: mask: 0xffffffff max_cycles: 0xffffffff, max_idle_ns: 79635851949 ns\n[    0.001012] Calibrating delay loop (skipped), value calculated using timer frequency.. 48.00 BogoMIPS (lpj=240000)\n[    0.001032] pid_max: default: 32768 minimum: 301\n[    0.001214] Mount-cache hash table entries: 512 (order: 0, 4096 bytes, linear)\n[    0.001232] Mountpoint-cache hash table entries: 512 (order: 0, 4096 bytes, linear)\n[    0.003389] ASID allocator initialised with 65536 entries\n[    0.003591] rcu: Hierarchical SRCU implementation.\n[    0.004352] devtmpfs: initialized\n[    0.020017] random: get_random_u32 called from bucket_table_alloc.isra.27+0xfe/0x120 with crng_init=0\n[    0.021117] clocksource: jiffies: mask: 0xffffffff max_cycles: 0xffffffff, max_idle_ns: 19112604462750000 ns\n[    0.021148] futex hash table entries: 256 (order: 0, 6144 bytes, linear)\n[    0.021756] pinctrl core: initialized pinctrl subsystem\n[    0.023320] NET: Registered protocol family 16\n[    0.025492] DMA: preallocated 256 KiB pool for atomic allocations\n[    0.026044] cpuidle: using governor menu\n[    0.074053] rtc_ccu: sunxi ccu init OK\n[    0.082956] clock: sunxi ccu init OK\n[    0.084024] clock: sunxi ccu init OK\n[    0.126116] iommu: Default domain type: Translated\n[    0.126314] sunxi iommu: irq = 4\n[    0.127641] SCSI subsystem initialized\n[    0.127857] usbcore: registered new interface driver usbfs\n[    0.127972] usbcore: registered new interface driver hub\n[    0.128097] usbcore: registered new device driver usb\n[    0.128239] videodev: Linux video capture interface: v2.00\n[    0.129274] Advanced Linux Sound Architecture Driver Initialized.\n[    0.130018] Bluetooth: Core ver 2.22\n[    0.130111] NET: Registered protocol family 31\n[    0.130122] Bluetooth: HCI device and connection manager initialized\n[    0.130146] Bluetooth: HCI socket layer initialized\n[    0.130164] Bluetooth: \u2592A\u2592socket layer initialized\n[    0.130206] Bluetooth: SCO socket layer initialized\n[    0.130489] pwm module init!\n[    0.132410] g2d 5410000.g2d: Adding to iommu group 0\n[    0.132978] G2D: rcq version initialized.major:252\n[    0.133921] clocksource: Switched to clocksource riscv_clocksource\n[    0.149198] sun8iw20-pinctrl 2000000.pinctrl: initialized sunXi PIO driver\n[    0.152820] NET: Registered protocol family 2\n[    0.153764] tcp_listen_portaddr_hash hash table entries: 256 (order: 0, 4096 bytes, linear)\n[    0.153818] TCP established hash table entries: 512 (order: 0, 4096 bytes, linear)\n[    0.153838] TCP bind hash table entries: 512 (order: 0, 4096 bytes, linear)\n[    0.153853] TCP: Hash tables configured (established 512 bind 512)\n[    0.154134] UDP hash table entries: 256 (order: 1, 8192 bytes, linear)\n[    0.154180] UDP-Lite hash table entries: 256 (order: 1, 8192 bytes, linear)\n[    0.154478] NET: Registered protocol family 1\n[    0.155843] sun8iw20-pinctrl 2000000.pinctrl: 2000000.pinctrl supply vcc-pc not found, using dummy regulator\n[    0.156478] spi spi0: spi0 supply spi not found, using dummy regulator\n[    0.156806] sunxi_spi_resource_get()2151 - [spi0] SPI MASTER MODE\n[    0.156874] sunxi_spi_resource_get()2189 - Failed to get sample mode\n[    0.156884] sunxi_spi_resource_get()2194 - Failed to get sample delay\n[    0.156893] sunxi_spi_resource_get()2198 - sample_mode:-1431633921 sample_delay:-1431633921\n[    0.157022] sunxi_spi_clk_init()2240 - [spi0] mclk 80000000\n[    0.157876] sunxi_spi_probe()2653 - [spi0]: driver probe succeed, base ffffffd004058000, irq 31\n[    0.160241] workingset: timestamp_bits=62 max_order=14 bucket_order=0\n[    0.167662] squashfs: version 4.0 (2009/01/31) Phillip Lougher\n[    0.167917] ntfs: driver 2.1.32 [Flags: R/W].\n[    0.168281] jffs2: version 2.2. (NAND) (SUMMARY)  \xa9 2001-2006 Red Hat, Inc.\n[    0.189248] io scheduler mq-deadline registered\n[    0.189265] io scheduler kyber registered\n[    0.190529] [DISP]disp_module_init\n[    0.191182] disp 5000000.disp: Adding to iommu group 0\n[    0.191838] [DISP] disp_init,line:2386:\n[    0.191844] smooth display screen:0 type:1 mode:4\n[    0.234898] display_fb_request,fb_id:0\n[    0.278054] Freeing logo buffer memory: 4000K\n[    0.278577] disp_al_manager_apply ouput_type:1\n[    0.278710] [DISP] lcd_clk_config,line:732:\n[    0.278724] disp 0, clk: pll(420000000),clk(420000000),dclk(70000000) dsi_rate(70000000)\n[    0.278724]      clk real:pll(420000000),clk(420000000),dclk(105000000) dsi_rate(150000000)\n[    0.279046] sun8iw20-pinctrl 2000000.pinctrl: 2000000.pinctrl supply vcc-pd not found, using dummy regulator\n[    0.279905] [DISP]disp_module_init finish\n[    0.280877] sunxi_sid_init()551 - insmod ok\n[    0.281502] pwm-regulator: supplied by regulator-dummy\n[    0.283365] sun8iw20-pinctrl 2000000.pinctrl: 2000000.pinctrl supply vcc-pe not found, using dummy regulator\n[    0.283900] uart uart0: get regulator failed\n[    0.283996] uart uart0: uart0 supply uart not found, using dummy regulator\n[    0.284411] uart0: ttyS0 at MMIO 0x2500000 (irq = 18, base_baud = 1500000) is a SUNXI\n[    0.284441] sw_console_setup()1808 - console setup baud 115200 parity n bits 8, flow n\n[    1.008841] printk: console [ttyS0] enabled\n[    1.014546] sun8iw20-pinctrl 2000000.pinctrl: 2000000.pinctrl supply vcc-pg not found, using dummy regulator\n[    1.026112] uart uart1: get regulator failed\n[    1.030889] uart uart1: uart1 supply uart not found, using dummy regulator\n[    1.039026] uart1: ttyS1 at MMIO 0x2500400 (irq = 19, base_baud = 1500000) is a SUNXI\n[    1.049155] misc dump reg init\n[    1.053653] sunxi-rfkill soc@3000000:rfkill@0: module version: v1.0.9\n[    1.061001] sunxi-rfkill soc@3000000:rfkill@0: get gpio chip_en failed\n[    1.068336] sunxi-rfkill soc@3000000:rfkill@0: get gpio power_en failed\n[    1.075806] sunxi-rfkill soc@3000000:rfkill@0: wlan_busnum (1)\n[    1.082308] sunxi-rfkill soc@3000000:rfkill@0: Missing wlan_power.\n[    1.089275] sunxi-rfkill soc@3000000:rfkill@0: wlan_regon gpio=137 assert=1\n[    1.097209] sunxi-rfkill soc@3000000:rfkill@0: wlan_hostwake gpio=202 assert=1\n[    1.105358] sunxi-rfkill soc@3000000:rfkill@0: wakeup source is enabled\n[    1.113084] sunxi-rfkill soc@3000000:rfkill@0: Missing bt_power.\n[    1.119888] sunxi-rfkill soc@3000000:rfkill@0: bt_rst gpio=133 assert=0\n[    1.128096] [ADDR_MGT] addr_mgt_probe: module version: v1.0.10\n[    1.135878] [ADDR_MGT] addr_mgt_probe: success.\n[    1.142271] spi-nor spi0.0: w25q128 (16384 Kbytes)\n[    1.150219] 7 sunxipart partitions found on MTD device spi0.0\n[    1.156761] Creating 7 MTD partitions on \"spi0.0\":\n[    1.162111] 0x000000000000-0x000000180000 : \"uboot\"\n[    1.174910] 0x000000180000-0x0000001a0000 : \"boot-resource\"\n[    1.194894] 0x0000001a0000-0x0000001c0000 : \"env\"\n[    1.214859] 0x0000001c0000-0x0000001e0000 : \"env-redund\"\n[    1.234825] 0x0000001e0000-0x000000960000 : \"boot\"\n[    1.254839] 0x000000960000-0x000000e60000 : \"rootfs\"\n[    1.274882] 0x000000e60000-0x000001000000 : \"UDISK\"\n[    1.295094] ehci_hcd: USB 2.0 'Enhanced' Host Controller (EHCI) Driver\n[    1.302406] sunxi-ehci: EHCI SUNXI driver\n[    1.307584] get ehci1-controller wakeup-source is fail.\n[    1.313516] sunxi ehci1-controller don't init wakeup source\n[    1.319843] [sunxi-ehci1]: probe, pdev->name: 4200000.ehci1-controller, sunxi_ehci: 0xffffffe0006a5968, 0x:ffffffd004075000, irq_no:31\n[    1.333440] sunxi-ehci 4200000.ehci1-controller: 4200000.ehci1-controller supply drvvbus not found, using dummy regulator\n[    1.346016] sunxi-ehci 4200000.ehci1-controller: 4200000.ehci1-controller supply hci not found, using dummy regulator\n[    1.358354] sunxi-ehci 4200000.ehci1-controller: EHCI Host Controller\n[    1.365653] sunxi-ehci 4200000.ehci1-controller: new USB bus registered, assigned bus number 1\n[    1.375584] sunxi-ehci 4200000.ehci1-controller: irq 49, io mem 0x04200000\n[    1.403980] sunxi-ehci 4200000.ehci1-controller: USB 2.0 started, EHCI 1.00\n[    1.412967] hub 1-0:1.0: USB hub found\n[    1.417344] hub 1-0:1.0: 1 port detected\n[    1.422706] ohci_hcd: USB 1.1 'Open' Host Controller (OHCI) Driver\n[    1.429725] sunxi-ohci: OHCI SUNXI driver\n[    1.434948] get ohci1-controller wakeup-source is fail.\n[    1.440916] sunxi ohci1-controller don't init wakeup source\n[    1.447262] [sunxi-ohci1]: probe, pdev->name: 4200400.ohci1-controller, sunxi_ohci: 0xffffffe0006a5d30\n[    1.457705] sunxi-ohci 4200400.ohci1-controller: 4200400.ohci1-controller supply drvvbus not found, using dummy regulator\n[    1.470355] sunxi-ohci 4200400.ohci1-controller: 4200400.ohci1-controller supply hci not found, using dummy regulator\n[    1.482691] sunxi-ohci 4200400.ohci1-controller: OHCI Host Controller\n[    1.489976] sunxi-ohci 4200400.ohci1-controller: new USB bus registered, assigned bus number 2\n[    1.499896] sunxi-ohci 4200400.ohci1-controller: irq 50, io mem 0x04200400\n[    1.579129] hub 2-0:1.0: USB hub found\n[    1.583375] hub 2-0:1.0: 1 port detected\n[    1.590973] sunxi-rtc 7090000.rtc: registered as rtc0\n[    1.596865] sunxi-rtc 7090000.rtc: setting system clock to 1970-01-01T02:04:44 UTC (7484)\n[    1.606081] sunxi-rtc 7090000.rtc: sunxi rtc probed\n[    1.612051] i2c /dev entries driver\n[    1.616055] IR NEC protocol handler initialized\n[    1.624271] usbcore: registered new interface driver uvcvideo\n[    1.630710] USB Video Class driver (1.1.1)\n[    1.635323] sunxi cedar version 1.1\n[    1.639546] sunxi-cedar 1c0e000.ve: Adding to iommu group 0\n[    1.645914] VE: install start!!!\n[    1.645914]\n[    1.651455] VE: cedar-ve the get irq is 6\n[    1.651455]\n[    1.657869] VE: ve_debug_proc_info:(____ptrval____), data:(____ptrval____), lock:(____ptrval____)\n[    1.657869]\n[    1.669509] VE: install end!!!\n[    1.669509]\n[    1.674642] VE: sunxi_cedar_probe\n[    1.678617] Bluetooth: HCI UART driver ver 2.3\n[    1.683571] Bluetooth: HCI UART protocol H4 registered\n[    1.689347] Bluetooth: HCI UART protocol BCSP registered\n[    1.695514] Bluetooth: XRadio Bluetooth LPM Mode Driver Ver 1.0.10\n[    1.702813] [XR_BT_LPM] bluesleep_probe: bt_wake polarity: 1\n[    1.709312] [XR_BT_LPM] bluesleep_probe: host_wake polarity: 1\n[    1.715883] [XR_BT_LPM] bluesleep_probe: wakeup source is disabled!\n[    1.715883]\n[    1.724595] [XR_BT_LPM] bluesleep_probe: uart_index(1)\n[    1.733393] sunxi-mmc 4020000.sdmmc: SD/MMC/SDIO Host Controller Driver(v4.21 2021-11-18 10:02)\n[    1.743488] sunxi-mmc 4020000.sdmmc: ***ctl-spec-caps*** 8\n[    1.749717] sunxi-mmc 4020000.sdmmc: No vmmc regulator found\n[    1.756106] sunxi-mmc 4020000.sdmmc: No vqmmc regulator found\n[    1.762506] sunxi-mmc 4020000.sdmmc: No vdmmc regulator found\n[    1.768940] sunxi-mmc 4020000.sdmmc: No vd33sw regulator found\n[    1.775504] sunxi-mmc 4020000.sdmmc: No vd18sw regulator found\n[    1.782001] sunxi-mmc 4020000.sdmmc: No vq33sw regulator found\n[    1.788570] sunxi-mmc 4020000.sdmmc: No vq18sw regulator found\n[    1.795653] sunxi-mmc 4020000.sdmmc: Got CD GPIO\n[    1.801151] sunxi-mmc 4020000.sdmmc: set cd-gpios as 24M fail\n[    1.807911] sunxi-mmc 4020000.sdmmc: sdc set ios:clk 0Hz bm PP pm UP vdd 21 width 1 timing LEGACY(SDR12) dt B\n[    1.819057] sunxi-mmc 4020000.sdmmc: no vqmmc,Check if there is regulator\n[    1.839264] sunxi-mmc 4020000.sdmmc: sdc set ios:clk 400000Hz bm PP pm ON vdd 21 width 1 timing LEGACY(SDR12) dt B\n[    1.863788] sunxi-mmc 4020000.sdmmc: sdc set ios:clk 0Hz bm PP pm OFF vdd 0 width 1 timing LEGACY(SDR12) dt B\n[    1.874947] sunxi-mmc 4020000.sdmmc: detmode:gpio irq\n[    1.881360] sunxi-mmc 4021000.sdmmc: SD/MMC/SDIO Host Controller Driver(v4.21 2021-11-18 10:02)\n[    1.891565] sunxi-mmc 4021000.sdmmc: ***ctl-spec-caps*** 8\n[    1.897828] sunxi-mmc 4021000.sdmmc: No vmmc regulator found\n[    1.904224] sunxi-mmc 4021000.sdmmc: No vqmmc regulator found\n[    1.910624] sunxi-mmc 4021000.sdmmc: No vdmmc regulator found\n[    1.917058] sunxi-mmc 4021000.sdmmc: No vd33sw regulator found\n[    1.923580] sunxi-mmc 4021000.sdmmc: No vd18sw regulator found\n[    1.930113] sunxi-mmc 4021000.sdmmc: No vq33sw regulator found\n[    1.936671] sunxi-mmc 4021000.sdmmc: No vq18sw regulator found\n[    1.943200] sunxi-mmc 4021000.sdmmc: Cann't get pin bias hs pinstate,check if needed\n[    1.952830] sunxi-mmc 4021000.sdmmc: sdc set ios:clk 0Hz bm PP pm UP vdd 21 width 1 timing LEGACY(SDR12) dt B\n[    1.963988] sunxi-mmc 4021000.sdmmc: no vqmmc,Check if there is regulator\n[    1.984144] sunxi-mmc 4021000.sdmmc: sdc set ios:clk 400000Hz bm PP pm ON vdd 21 width 1 timing LEGACY(SDR12) dt B\n[    2.008376] sunxi-mmc 4021000.sdmmc: detmode:manually by software\n[    2.016052] sunxi-mmc 4021000.sdmmc: smc 1 p1 err, cmd 52, RTO !!\n[    2.023246] ashmem: initialized\n[    2.026772] sunxi-mmc 4021000.sdmmc: smc 1 p1 err, cmd 52, RTO !!\n[    2.033685] sunxi-mmc 4021000.sdmmc: sdc set ios:clk 400000Hz bm PP pm ON vdd 21 width 1 timing LEGACY(SDR12) dt B\n[    2.050339] [AUDIOCODEC][sunxi_codec_parse_params][2412]:digital_vol:0, lineout_vol:26, mic1gain:31, mic2gain:31 pa_msleep:120, pa_level:1, pa_pwr_level:1\n[    2.050339]\n[    2.067665] [AUDIOCODEC][sunxi_codec_parse_params][2448]:adcdrc_cfg:0, adchpf_cfg:1, dacdrc_cfg:0, dachpf:0\n[    2.079194] [AUDIOCODEC][sunxi_internal_codec_probe][2609]:codec probe finished\n[    2.087466] sunxi-mmc 4021000.sdmmc: sdc set ios:clk 400000Hz bm PP pm ON vdd 21 width 1 timing LEGACY(SDR12) dt B\n[    2.100621] debugfs: Directory '203034c.dummy_cpudai' with parent 'audiocodec' already present!\n[    2.110578] [SNDCODEC][sunxi_card_init][583]:card init finished\n[    2.118102] sunxi-mmc 4021000.sdmmc: smc 1 p1 err, cmd 5, RTO !!\n[    2.125696] sunxi-mmc 4021000.sdmmc: smc 1 p1 err, cmd 5, RTO !!\n[    2.133257] sunxi-mmc 4021000.sdmmc: smc 1 p1 err, cmd 5, RTO !!\n[    2.140740] sunxi-codec-machine 2030340.sound: 2030000.codec <-> 203034c.dummy_cpudai mapping ok\n[    2.150542] sunxi-mmc 4021000.sdmmc: smc 1 p1 err, cmd 5, RTO !!\n[    2.157349] sunxi-mmc 4021000.sdmmc: sdc set ios:clk 0Hz bm PP pm OFF vdd 0 width 1 timing LEGACY(SDR12) dt B\n[    2.170213] input: audiocodec sunxi Audio Jack as /devices/platform/soc@3000000/2030340.sound/sound/card0/input0\n[    2.182642] [SNDCODEC][sunxi_card_dev_probe][836]:register card finished\n[    2.192438] NET: Registered protocol family 10\n[    2.199198] Segment Routing with IPv6\n[    2.203505] NET: Registered protocol family 17\n[    2.208780] Bluetooth: RFCOMM TTY layer initialized\n[    2.214457] Bluetooth: RFCOMM socket layer initialized\n[    2.220251] Bluetooth: RFCOMM ver 1.11\n[    2.254092] sunxi-i2c sunxi-i2c2: sunxi-i2c2 supply twi not found, using dummy regulator\n[    2.269939] sunxi-i2c sunxi-i2c2: probe success\n[    2.277215] sun8iw20-pinctrl 2000000.pinctrl: 2000000.pinctrl supply vcc-pb not found, using dummy regulator\n[    2.291717] get ehci0-controller wakeup-source is fail.\n[    2.297794] sunxi ehci0-controller don't init wakeup source\n[    2.304082] [sunxi-ehci0]: probe, pdev->name: 4101000.ehci0-controller, sunxi_ehci: 0xffffffe0006a51d8, 0x:ffffffd0040fd000, irq_no:2e\n[    2.317660] [sunxi-ehci0]: Not init ehci0\n[    2.322699] get ohci0-controller wakeup-source is fail.\n[    2.328758] sunxi ohci0-controller don't init wakeup source\n[    2.335012] [sunxi-ohci0]: probe, pdev->name: 4101400.ohci0-controller, sunxi_ohci: 0xffffffe0006a55a0\n[    2.345455] [sunxi-ohci0]: Not init ohci0\n[    2.354475] clk: Not disabling unused clocks\n[    2.359279] ALSA device list:\n[    2.362581]   #0: audiocodec\n[    2.367078] platform regulatory.0: Direct firmware load for regulatory.db failed with error -2\n[    2.376830] cfg80211: failed to load regulatory.db\n[    2.382241] alloc_fd: slot 0 not NULL!\n[    2.391463] VFS: Mounted root (squashfs filesystem) readonly on device 31:5.\n[    2.407785] devtmpfs: mounted\n[    2.411302] Freeing unused kernel memory: 144K\n[    2.416354] This architecture does not have kernel memory protection.\n[    2.423565] Run /sbin/init as init process\n[    2.437570] random: fast init done\n[    2.833256] [SNDCODEC][sunxi_check_hs_detect_status][191]:plugin --\x3e switch:1\n[    3.444188]\n[    3.444188] insmod_device_driver\n[    3.444188]\n[    3.451429] sunxi_usb_udc 4100000.udc-controller: 4100000.udc-controller supply udc not found, using dummy regulator\n[    3.469630] device_chose finished 139!\n[    3.606030] init: Console is alive\n[    3.610285] init: - preinit -\n/dev/by-name/UDISK already format by jffs2\n[    5.339399] mount_root: mounting /dev/root\n[    5.344741] mount_root: loading kmods from internal overlay\n[    5.491810] random: crng init done\n[    5.765812] block: attempting to load /etc/config/fstab\n[    5.807607] block: check_filesystem: jffs2 is not supported\n[    5.838954] jffs2: notice: (91) jffs2_build_xattr_subsystem: complete building xattr subsystem, 10 of xdatum (0 unchecked, 3 orphan) and 12 of xref (3 dead, 0 orphan) found.\n[    5.860743] block: extroot: UUID match (root: bc2f88ab-06eba037-7590c3e8-6fa728e7, overlay: bc2f88ab-06eba037-7590c3e8-6fa728e7)\n[    5.882754] overlayfs: upper fs does not support tmpfile.\n[    5.894649] mount_root: switched to extroot\n[    5.919200] procd: - early -\n[    6.166648] procd: - ubus -\n[    6.170648] procd (1): /proc/100/oom_adj is deprecated, please use /proc/100/oom_score_adj instead.\n[    6.476406] procd: - init -\nPlease press Enter to activate this console.\n[    8.502814] file system registered\n[    8.785556] configfs-gadget 4100000.udc-controller: failed to start g1: -19\n[    9.204177] read descriptors\n[    9.207403] read strings\n[    9.366159] sunxi_set_cur_vol_work()397 WARN: get power supply failed\n[    9.452309] android_work: sent uevent USB_STATE=CONNECTED\n[    9.750396] sunxi_set_cur_vol_work()397 WARN: get power supply failed\n[    9.844049] sunxi_vbus_det_work()3356 WARN: get power supply failed\n[    9.874070] android_work: sent uevent USB_STATE=DISCONNECTED\n[    9.884058] android_work: sent uevent USB_STATE=CONNECTED\n[    9.890766] configfs-gadget gadget: high-speed config #1: c\n[    9.904247] android_work: sent uevent USB_STATE=CONFIGURED\n[   10.998925] ======== XRADIO WIFI OPEN ========\n[   11.004696] [XRADIO] Driver Label:XR_V02.16.85_P2P_HT40_01.31\n[   11.011460] [XRADIO] Allocated hw_priv @ 0000000093cf579f\n[   11.024060] sunxi-rfkill soc@3000000:rfkill@0: bus_index: 1\n[   11.050057] sunxi-rfkill soc@3000000:rfkill@0: wlan power on success\n[   11.260453] sunxi-mmc 4021000.sdmmc: sdc set ios:clk 0Hz bm PP pm UP vdd 21 width 1 timing LEGACY(SDR12) dt B\n[   11.271601] [XRADIO] Detect SDIO card 1\n[   11.284074] sunxi-mmc 4021000.sdmmc: no vqmmc,Check if there is regulator\n[   11.304205] sunxi-mmc 4021000.sdmmc: sdc set ios:clk 400000Hz bm PP pm ON vdd 21 width 1 timing LEGACY(SDR12) dt B\n[   11.329295] sunxi-mmc 4021000.sdmmc: smc 1 p1 err, cmd 52, RTO !!\n[   11.336962] sunxi-mmc 4021000.sdmmc: smc 1 p1 err, cmd 52, RTO !!\n[   11.347857] sunxi-mmc 4021000.sdmmc: sdc set ios:clk 400000Hz bm PP pm ON vdd 21 width 1 timing LEGACY(SDR12) dt B\n[   11.377223] sunxi-mmc 4021000.sdmmc: sdc set ios:clk 400000Hz bm PP pm ON vdd 21 width 1 timing LEGACY(SDR12) dt B\n[   11.396443] sunxi-mmc 4021000.sdmmc: smc 1 p1 err, cmd 5, RTO !!\n[   11.403978] sunxi-mmc 4021000.sdmmc: smc 1 p1 err, cmd 5, RTO !!\n[   11.411576] sunxi-mmc 4021000.sdmmc: smc 1 p1 err, cmd 5, RTO !!\n[   11.419230] sunxi-mmc 4021000.sdmmc: smc 1 p1 err, cmd 5, RTO !!\n[   11.426072] sunxi-mmc 4021000.sdmmc: sdc set ios:clk 0Hz bm PP pm OFF vdd 0 width 1 timing LEGACY(SDR12) dt B\n[   13.364108] sunxi-rfkill soc@3000000:rfkill@0: wlan power off success\n[   13.471353] sunxi-mmc 4021000.sdmmc: sdc set ios:clk 0Hz bm PP pm UP vdd 21 width 1 timing LEGACY(SDR12) dt B\n[   13.482458] [XRADIO] Remove SDIO card 1\n[   13.494072] sunxi-mmc 4021000.sdmmc: no vqmmc,Check if there is regulator\n[   13.503664] [SBUS_ERR] sdio probe timeout!\n[   13.508321] [XRADIO_ERR] sbus_sdio_init failed\n[   13.514634] sunxi-mmc 4021000.sdmmc: sdc set ios:clk 400000Hz bm PP pm ON vdd 21 width 1 timing LEGACY(SDR12) dt B\n[   13.526581] xradio_core_init failed (-110)!\n[   13.557678] sunxi-mmc 4021000.sdmmc: smc 1 p1 err, cmd 52, RTO !!\n[   13.565382] sunxi-mmc 4021000.sdmmc: smc 1 p1 err, cmd 52, RTO !!\n[   13.572229] sunxi-mmc 4021000.sdmmc: sdc set ios:clk 400000Hz bm PP pm ON vdd 21 width 1 timing LEGACY(SDR12) dt B\n[   13.587126] sunxi-mmc 4021000.sdmmc: sdc set ios:clk 400000Hz bm PP pm ON vdd 21 width 1 timing LEGACY(SDR12) dt B\n[   13.600976] sunxi-mmc 4021000.sdmmc: smc 1 p1 err, cmd 5, RTO !!\n[   13.608589] sunxi-mmc 4021000.sdmmc: smc 1 p1 err, cmd 5, RTO !!\n[   13.616646] sunxi-mmc 4021000.sdmmc: smc 1 p1 err, cmd 5, RTO !!\n[   13.624186] sunxi-mmc 4021000.sdmmc: smc 1 p1 err, cmd 5, RTO !!\n[   13.630916] sunxi-mmc 4021000.sdmmc: sdc set ios:clk 0Hz bm PP pm OFF vdd 0 width 1 timing LEGACY(SDR12) dt B\nkmodloader done\n\n"})}),"\n",(0,s.jsxs)(e.p,{children:[(0,s.jsx)(e.strong,{children:"\u7cfb\u7edf\u9ed8\u8ba4\u4f1a\u81ea\u5df1\u767b\u5f55 \u6ca1\u6709\u7528\u6237\u540d \u6ca1\u6709\u5bc6\u7801\u3002"}),"\n",(0,s.jsx)(e.strong,{children:"\u7cfb\u7edf\u9ed8\u8ba4\u4f1a\u81ea\u5df1\u767b\u5f55 \u6ca1\u6709\u7528\u6237\u540d \u6ca1\u6709\u5bc6\u7801\u3002"}),"\n",(0,s.jsx)(e.strong,{children:"\u7cfb\u7edf\u9ed8\u8ba4\u4f1a\u81ea\u5df1\u767b\u5f55 \u6ca1\u6709\u7528\u6237\u540d \u6ca1\u6709\u5bc6\u7801\u3002"})]})]})}function m(n={}){const{wrapper:e}={...(0,o.a)(),...n.components};return e?(0,s.jsx)(e,{...n,children:(0,s.jsx)(a,{...n})}):a(n)}},1151:(n,e,i)=>{i.d(e,{Z:()=>d,a:()=>r});var s=i(7294);const o={},t=s.createContext(o);function r(n){const e=s.useContext(t);return s.useMemo((function(){return"function"==typeof n?n(e):{...e,...n}}),[e,n])}function d(n){let e;return e=n.disableParentContext?"function"==typeof n.components?n.components(o):n.components||o:r(n.components),s.createElement(t.Provider,{value:e},n.children)}}}]);